// Jest Snapshot v1, https://goo.gl/fbAQLP

exports[`Todo app matches snapshot 1`] = `
<div
  data-testid="todo-1"
>
  <h1>
    Going to supermarket
  </h1>
</div>
`;
